// Jest Snapshot v1, https://goo.gl/fbAQLP

exports[`receiveScores 1`] = `
Object {
  "payload": Object {
    "scores": Array [
      Object {
        "player": Object {
          "login": "lymak",
          "nick": "lymak",
        },
        "score": 4242,
      },
      Object {
        "player": Object {
          "login": "kibes",
          "nick": "kibes",
        },
        "score": 3232,
      },
      Object {
        "player": Object {
          "login": "tomek",
          "nick": "tomek",
        },
        "score": 2416,
      },
      Object {
        "player": Object {
          "login": "omed",
          "nick": "omed",
        },
        "score": 2000,
      },
      Object {
        "player": Object {
          "login": "tar",
          "nick": "tar",
        },
        "score": 1960,
      },
      Object {
        "player": Object {
          "login": "oiz",
          "nick": "oiz",
        },
        "score": 680,
      },
      Object {
        "player": Object {
          "login": "xetrow",
          "nick": "xetrow",
        },
        "score": 403,
      },
      Object {
        "player": Object {
          "login": "ginok",
          "nick": "ginok",
        },
        "score": 30,
      },
      Object {
        "player": Object {
          "login": "llif",
          "nick": "llif",
        },
        "score": 20,
      },
      Object {
        "player": Object {
          "login": "ida",
          "nick": "ida",
        },
        "score": 10,
      },
    ],
  },
  "type": "scores:fetchScoresSuccess",
}
`;
