// Jest Snapshot v1, https://goo.gl/fbAQLP

exports[`receiveScores 1`] = `
Object {
  "payload": Object {
    "scores": Array [
      Object {
        "player": Object {
          "login": "lymak",
          "nick": "$s$o$a60l$c82y$fa3m$c82a$a60k",
        },
        "score": 4242,
      },
      Object {
        "player": Object {
          "login": "kibes",
          "nick": "$s$w$fffkibes",
        },
        "score": 3232,
      },
      Object {
        "player": Object {
          "login": "tomek",
          "nick": "$w$o$s$08ftom$fffek",
        },
        "score": 2416,
      },
      Object {
        "player": Object {
          "login": "omed",
          "nick": "$f80omed",
        },
        "score": 2000,
      },
      Object {
        "player": Object {
          "login": "tar",
          "nick": "$f00tar",
        },
        "score": 1960,
      },
      Object {
        "player": Object {
          "login": "oiz",
          "nick": "$o$w$000oiz",
        },
        "score": 680,
      },
      Object {
        "player": Object {
          "login": "xetrow",
          "nick": "$w$484xetrow",
        },
        "score": 403,
      },
      Object {
        "player": Object {
          "login": "ginok",
          "nick": "$n$880ginok",
        },
        "score": 30,
      },
      Object {
        "player": Object {
          "login": "llif",
          "nick": "$400$wllif",
        },
        "score": 20,
      },
      Object {
        "player": Object {
          "login": "ida",
          "nick": "$f00ida",
        },
        "score": 10,
      },
    ],
  },
  "type": "scores:fetchScoresSuccess",
}
`;
