// Jest Snapshot v1, https://goo.gl/fbAQLP

exports[`<Navbar> should add "login mock" button when no api url is defined 1`] = `
<div
  className="Navbar"
>
  <div
    className="Navbar__ContentMargin"
  >
    <h1
      className="AppTitle"
    >
      TXP4
    </h1>
    <ul
      className="Navigation"
    >
      <li
        className="NavigationItem"
        key="Inventory"
      >
        <Link
          className="NavigationItem__anchor"
          replace={false}
          to="/inventory"
        >
          Inventory
        </Link>
      </li>
      <li
        className="NavigationItem"
        key="Scores"
      >
        <Link
          className="NavigationItem__anchor"
          replace={false}
          to="/scores"
        >
          Scores
        </Link>
      </li>
    </ul>
  </div>
</div>
`;

exports[`<Navbar> should render 1`] = `
<div
  className="Navbar"
>
  <div
    className="Navbar__ContentMargin"
  >
    <h1
      className="AppTitle"
    >
      TXP4
    </h1>
    <ul
      className="Navigation"
    >
      <li
        className="NavigationItem"
        key="Inventory"
      >
        <Link
          className="NavigationItem__anchor"
          replace={false}
          to="/inventory"
        >
          Inventory
        </Link>
      </li>
      <li
        className="NavigationItem"
        key="Scores"
      >
        <Link
          className="NavigationItem__anchor"
          replace={false}
          to="/scores"
        >
          Scores
        </Link>
      </li>
    </ul>
  </div>
</div>
`;
