// Jest Snapshot v1, https://goo.gl/fbAQLP

exports[`trackmaniaStyleParser should parse 1`] = `"<span style=\\"font-weight:bold;color:#a60;text-shadow:1px 1px 1px rgba(0, 0, 0, 0.5);\\">l</span><span style=\\"font-weight:bold;color:#c82;text-shadow:1px 1px 1px rgba(0, 0, 0, 0.5);\\">y</span><span style=\\"font-weight:bold;color:#fa3;text-shadow:1px 1px 1px rgba(0, 0, 0, 0.5);\\">m</span><span style=\\"font-weight:bold;color:#c82;text-shadow:1px 1px 1px rgba(0, 0, 0, 0.5);\\">a</span><span style=\\"font-weight:bold;color:#a60;text-shadow:1px 1px 1px rgba(0, 0, 0, 0.5);\\">k</span>"`;
